m=50 n=100
User 0 Server 46
User 1 Server 23
User 2 Server 44
User 3 Server 23
User 4 Server 18
User 5 Server 10
User 6 Server 30
User 7 Server 14
User 8 Server 28
User 9 Server 19
User 10 Server 11
User 11 Server 0
User 12 Server 8
User 13 Server 36
User 14 Server 45
User 15 Server 1
User 16 Server 20
User 17 Server 16
User 18 Server 42
User 19 Server 42
User 20 Server 38
User 21 Server 36
User 22 Server 46
User 23 Server 2
User 24 Server 49
User 25 Server 31
User 26 Server 29
User 27 Server 42
User 28 Server 45
User 29 Server 22
User 30 Server 5
User 31 Server 8
User 32 Server 15
User 33 Server 0
User 34 Server 45
User 35 Server 6
User 36 Server 41
User 37 Server 39
User 38 Server 26
User 39 Server 17
User 40 Server 37
User 41 Server 35
User 42 Server 10
User 43 Server 13
User 44 Server 0
User 45 Server 4
User 46 Server 34
User 47 Server 1
User 48 Server 22
User 49 Server 0
User 50 Server 8
User 51 Server 43
User 52 Server 21
User 53 Server 15
User 54 Server 7
User 55 Server 41
User 56 Server 2
User 57 Server 36
User 58 Server 25
User 59 Server 36
User 60 Server 17
User 61 Server 3
User 62 Server 11
User 63 Server 45
User 64 Server 45
User 65 Server 6
User 66 Server 17
User 67 Server 43
User 68 Server 1
User 69 Server 28
User 70 Server 20
User 71 Server 38
User 72 Server 47
User 73 Server 48
User 74 Server 15
User 75 Server 6
User 76 Server 1
User 77 Server 40
User 78 Server 41
User 79 Server 3
User 80 Server 17
User 81 Server 46
User 82 Server 20
User 83 Server 22
User 84 Server 25
User 85 Server 26
User 86 Server 33
User 87 Server 14
User 88 Server 42
User 89 Server 23
User 90 Server 28
User 91 Server 10
User 92 Server 26
User 93 Server 14
User 94 Server 10
User 95 Server 41
User 96 Server 10
User 97 Server 13
User 98 Server 25
User 99 Server 15
Gale-Shapley Server Optimal: stable? true

