m=80 n=80
User 0 Server 7
User 1 Server 24
User 2 Server 76
User 3 Server 34
User 4 Server 28
User 5 Server 0
User 6 Server 11
User 7 Server 78
User 8 Server 71
User 9 Server 60
User 10 Server 27
User 11 Server 12
User 12 Server 31
User 13 Server 7
User 14 Server 55
User 15 Server 5
User 16 Server 77
User 17 Server 3
User 18 Server 62
User 19 Server 35
User 20 Server 2
User 21 Server 24
User 22 Server 4
User 23 Server 71
User 24 Server 48
User 25 Server 10
User 26 Server 37
User 27 Server 4
User 28 Server 21
User 29 Server 60
User 30 Server 6
User 31 Server 15
User 32 Server 47
User 33 Server 67
User 34 Server 37
User 35 Server 14
User 36 Server 6
User 37 Server 78
User 38 Server 22
User 39 Server 23
User 40 Server 22
User 41 Server 43
User 42 Server 72
User 43 Server 73
User 44 Server 50
User 45 Server 23
User 46 Server 52
User 47 Server 76
User 48 Server 64
User 49 Server 43
User 50 Server 55
User 51 Server 72
User 52 Server 6
User 53 Server 1
User 54 Server 37
User 55 Server 71
User 56 Server 65
User 57 Server 71
User 58 Server 8
User 59 Server 12
User 60 Server 18
User 61 Server 58
User 62 Server 51
User 63 Server 7
User 64 Server 23
User 65 Server 29
User 66 Server 35
User 67 Server 12
User 68 Server 45
User 69 Server 9
User 70 Server 71
User 71 Server 14
User 72 Server 78
User 73 Server 74
User 74 Server 77
User 75 Server 37
User 76 Server 13
User 77 Server 35
User 78 Server 21
User 79 Server 10
Gale-Shapley Server Optimal: stable? true

