m=200 n=250
User 0 Server -1
User 1 Server 21
User 2 Server 132
User 3 Server 5
User 4 Server 150
User 5 Server 6
User 6 Server 47
User 7 Server 147
User 8 Server 190
User 9 Server -1
User 10 Server 167
User 11 Server 23
User 12 Server 76
User 13 Server -1
User 14 Server 161
User 15 Server -1
User 16 Server 35
User 17 Server -1
User 18 Server 79
User 19 Server 156
User 20 Server 62
User 21 Server 44
User 22 Server 9
User 23 Server 4
User 24 Server 46
User 25 Server 132
User 26 Server 86
User 27 Server 45
User 28 Server 66
User 29 Server 132
User 30 Server 116
User 31 Server 175
User 32 Server -1
User 33 Server 81
User 34 Server 159
User 35 Server -1
User 36 Server -1
User 37 Server 50
User 38 Server 63
User 39 Server 195
User 40 Server 161
User 41 Server -1
User 42 Server -1
User 43 Server 100
User 44 Server -1
User 45 Server 58
User 46 Server 78
User 47 Server -1
User 48 Server 27
User 49 Server 119
User 50 Server 144
User 51 Server 147
User 52 Server 169
User 53 Server 117
User 54 Server -1
User 55 Server 8
User 56 Server 165
User 57 Server -1
User 58 Server 176
User 59 Server 159
User 60 Server 167
User 61 Server 58
User 62 Server -1
User 63 Server 8
User 64 Server 197
User 65 Server -1
User 66 Server 9
User 67 Server 198
User 68 Server 83
User 69 Server -1
User 70 Server 186
User 71 Server -1
User 72 Server 194
User 73 Server 63
User 74 Server 123
User 75 Server 163
User 76 Server 56
User 77 Server 43
User 78 Server 97
User 79 Server -1
User 80 Server 12
User 81 Server 21
User 82 Server 145
User 83 Server 163
User 84 Server 59
User 85 Server 96
User 86 Server 129
User 87 Server 59
User 88 Server 108
User 89 Server 5
User 90 Server 111
User 91 Server 174
User 92 Server -1
User 93 Server -1
User 94 Server 173
User 95 Server 104
User 96 Server 43
User 97 Server 83
User 98 Server 76
User 99 Server 80
User 100 Server 117
User 101 Server 136
User 102 Server 165
User 103 Server 42
User 104 Server 99
User 105 Server 22
User 106 Server 15
User 107 Server 29
User 108 Server -1
User 109 Server 149
User 110 Server -1
User 111 Server -1
User 112 Server -1
User 113 Server -1
User 114 Server -1
User 115 Server 151
User 116 Server 26
User 117 Server 92
User 118 Server 138
User 119 Server 175
User 120 Server 51
User 121 Server 126
User 122 Server 126
User 123 Server -1
User 124 Server -1
User 125 Server 123
User 126 Server -1
User 127 Server 8
User 128 Server 12
User 129 Server 155
User 130 Server 114
User 131 Server 100
User 132 Server 14
User 133 Server 35
User 134 Server 98
User 135 Server 140
User 136 Server 20
User 137 Server -1
User 138 Server -1
User 139 Server -1
User 140 Server -1
User 141 Server 57
User 142 Server 33
User 143 Server -1
User 144 Server 86
User 145 Server -1
User 146 Server 15
User 147 Server 84
User 148 Server -1
User 149 Server 124
User 150 Server 123
User 151 Server 194
User 152 Server 173
User 153 Server 88
User 154 Server 133
User 155 Server 98
User 156 Server 18
User 157 Server 149
User 158 Server 43
User 159 Server 157
User 160 Server 133
User 161 Server 170
User 162 Server 0
User 163 Server 61
User 164 Server 166
User 165 Server 17
User 166 Server 1
User 167 Server 114
User 168 Server 150
User 169 Server 3
User 170 Server -1
User 171 Server 111
User 172 Server 77
User 173 Server 128
User 174 Server 176
User 175 Server 18
User 176 Server 107
User 177 Server -1
User 178 Server -1
User 179 Server 95
User 180 Server 99
User 181 Server 22
User 182 Server 26
User 183 Server 17
User 184 Server 107
User 185 Server 47
User 186 Server 84
User 187 Server 152
User 188 Server 138
User 189 Server 93
User 190 Server -1
User 191 Server 62
User 192 Server -1
User 193 Server 131
User 194 Server 99
User 195 Server 150
User 196 Server 185
User 197 Server 150
User 198 Server -1
User 199 Server 92
User 200 Server 156
User 201 Server 161
User 202 Server 130
User 203 Server 72
User 204 Server -1
User 205 Server 141
User 206 Server 119
User 207 Server 46
User 208 Server 177
User 209 Server 19
User 210 Server -1
User 211 Server 54
User 212 Server 36
User 213 Server 29
User 214 Server -1
User 215 Server 119
User 216 Server 72
User 217 Server 190
User 218 Server 45
User 219 Server 67
User 220 Server 137
User 221 Server 73
User 222 Server 69
User 223 Server -1
User 224 Server 114
User 225 Server 181
User 226 Server 150
User 227 Server 187
User 228 Server 127
User 229 Server 183
User 230 Server -1
User 231 Server 43
User 232 Server 92
User 233 Server 120
User 234 Server 68
User 235 Server 105
User 236 Server 194
User 237 Server 180
User 238 Server 81
User 239 Server 113
User 240 Server 24
User 241 Server 44
User 242 Server 75
User 243 Server 190
User 244 Server 183
User 245 Server 70
User 246 Server 11
User 247 Server -1
User 248 Server -1
User 249 Server 53
Gale-Shapley Server Optimal: stable? true

