m=100 n=200
User 0 Server 55
User 1 Server 17
User 2 Server 62
User 3 Server 29
User 4 Server 38
User 5 Server 36
User 6 Server 1
User 7 Server 66
User 8 Server 9
User 9 Server 26
User 10 Server 5
User 11 Server 55
User 12 Server 44
User 13 Server -1
User 14 Server 64
User 15 Server -1
User 16 Server 98
User 17 Server 13
User 18 Server 25
User 19 Server -1
User 20 Server 93
User 21 Server 52
User 22 Server 27
User 23 Server -1
User 24 Server -1
User 25 Server 68
User 26 Server 40
User 27 Server 71
User 28 Server 18
User 29 Server 48
User 30 Server 7
User 31 Server 19
User 32 Server 36
User 33 Server 77
User 34 Server 2
User 35 Server -1
User 36 Server -1
User 37 Server 24
User 38 Server 0
User 39 Server 66
User 40 Server 5
User 41 Server 82
User 42 Server 66
User 43 Server -1
User 44 Server 15
User 45 Server 70
User 46 Server 7
User 47 Server 57
User 48 Server -1
User 49 Server 60
User 50 Server 89
User 51 Server 75
User 52 Server 19
User 53 Server 34
User 54 Server 88
User 55 Server 41
User 56 Server 1
User 57 Server 22
User 58 Server 85
User 59 Server 95
User 60 Server 20
User 61 Server 94
User 62 Server 63
User 63 Server 60
User 64 Server 82
User 65 Server 38
User 66 Server 45
User 67 Server 70
User 68 Server 73
User 69 Server 5
User 70 Server 60
User 71 Server 90
User 72 Server 83
User 73 Server 32
User 74 Server 10
User 75 Server 16
User 76 Server -1
User 77 Server 45
User 78 Server 9
User 79 Server 61
User 80 Server 22
User 81 Server 74
User 82 Server 77
User 83 Server 58
User 84 Server 81
User 85 Server 6
User 86 Server 52
User 87 Server 24
User 88 Server 66
User 89 Server 17
User 90 Server 84
User 91 Server 24
User 92 Server 63
User 93 Server 45
User 94 Server 2
User 95 Server 67
User 96 Server 7
User 97 Server 98
User 98 Server 45
User 99 Server 72
User 100 Server 49
User 101 Server 77
User 102 Server 30
User 103 Server 62
User 104 Server 64
User 105 Server 81
User 106 Server 18
User 107 Server 33
User 108 Server 0
User 109 Server 63
User 110 Server 22
User 111 Server 50
User 112 Server 68
User 113 Server -1
User 114 Server 67
User 115 Server 1
User 116 Server 58
User 117 Server 62
User 118 Server 72
User 119 Server 27
User 120 Server 67
User 121 Server 50
User 122 Server 31
User 123 Server -1
User 124 Server 46
User 125 Server 85
User 126 Server 68
User 127 Server 5
User 128 Server 11
User 129 Server -1
User 130 Server 23
User 131 Server 1
User 132 Server 2
User 133 Server 49
User 134 Server 37
User 135 Server 64
User 136 Server 66
User 137 Server 38
User 138 Server 57
User 139 Server 72
User 140 Server 92
User 141 Server 35
User 142 Server -1
User 143 Server -1
User 144 Server 34
User 145 Server 19
User 146 Server -1
User 147 Server 20
User 148 Server 45
User 149 Server 17
User 150 Server 86
User 151 Server 0
User 152 Server 39
User 153 Server 33
User 154 Server 35
User 155 Server 84
User 156 Server 78
User 157 Server -1
User 158 Server 35
User 159 Server 31
User 160 Server 13
User 161 Server 66
User 162 Server 97
User 163 Server -1
User 164 Server 71
User 165 Server 41
User 166 Server 79
User 167 Server 50
User 168 Server 15
User 169 Server 51
User 170 Server 96
User 171 Server -1
User 172 Server 35
User 173 Server 34
User 174 Server 4
User 175 Server 33
User 176 Server 57
User 177 Server 5
User 178 Server 86
User 179 Server 83
User 180 Server 30
User 181 Server 73
User 182 Server 63
User 183 Server 78
User 184 Server 66
User 185 Server 69
User 186 Server 92
User 187 Server 43
User 188 Server 25
User 189 Server 83
User 190 Server 71
User 191 Server 88
User 192 Server 83
User 193 Server 4
User 194 Server 93
User 195 Server 84
User 196 Server 67
User 197 Server -1
User 198 Server 96
User 199 Server 52
Gale-Shapley Server Optimal: stable? true

