m=8 n=8
User 0 Server 1
User 1 Server 2
User 2 Server 2
User 3 Server 5
User 4 Server 0
User 5 Server 2
User 6 Server 4
User 7 Server 2
Gale-Shapley Server Optimal: stable? true

m=8 n=8
User 0 Server 1
User 1 Server 2
User 2 Server 2
User 3 Server 5
User 4 Server 0
User 5 Server 2
User 6 Server 4
User 7 Server 2
Brute Force: stable? true

