m=4 n=8
User 0 Server -1
User 1 Server 3
User 2 Server 0
User 3 Server 1
User 4 Server 2
User 5 Server -1
User 6 Server -1
User 7 Server 0
Gale-Shapley Server Optimal: stable? true

m=4 n=8
User 0 Server -1
User 1 Server 3
User 2 Server 0
User 3 Server 1
User 4 Server 2
User 5 Server -1
User 6 Server -1
User 7 Server 0
Brute Force: stable? true

